==================================
   cudd 3.0.0: ./test-suite.log
==================================

# TOTAL: 30
# PASS:  23
# SKIP:  0
# XFAIL: 0
# FAIL:  7
# XPASS: 0
# ERROR: 0

.. contents:: :depth: 2

FAIL: dddmp/test_dddmp
======================

TAP version 13
1..7
not ok 1
FAIL: dddmp/test_dddmp.test 1
not ok 2
FAIL: dddmp/test_dddmp.test 2
not ok 3
FAIL: dddmp/test_dddmp.test 3
not ok 4
FAIL: dddmp/test_dddmp.test 4
not ok 5
FAIL: dddmp/test_dddmp.test 5
not ok 6
FAIL: dddmp/test_dddmp.test 6
not ok 7
FAIL: dddmp/test_dddmp.test 7

